VECTOR|6300b4748a8d2dca9c0e759b770b1356eec466a627aeac781bdff1f776ebc5f7|reentrancy-state-consistency|executeDeposit|oracle.getPrice()|reentrant|Under the reentrancy-state-consistency economic invariant, the attacker-controlled callee oracle.getPrice() reached from executeDeposit can violate it via a reentrant hazard: treat the callee as unknown code (it may reenter, revert, return arbitrary data, or consume all forwarded gas) and check the caller's state at the exact moment control passes to it.
VECTOR|3f7d3aea348b8dddcb66ef55d760b0d18e8afdaebdf3a7cddf70e58cc667e97d|return-value-trust|withdraw|token.transfer(to, amt)|return-value|Under the return-value-trust economic invariant, the attacker-controlled callee token.transfer(to, amt) reached from withdraw can violate it via a return-value hazard: treat the callee as unknown code (it may reenter, revert, return arbitrary data, or consume all forwarded gas) and check the caller's state at the exact moment control passes to it.
VECTOR|417c667f44af14a38435eaabd94dc4c38faeb520c04bdb19d9b2127ccbb5680d|gas-liveness|claim|hook.onClaim()|gas|Under the gas-liveness economic invariant, the attacker-controlled callee hook.onClaim() reached from claim can violate it via a gas hazard: treat the callee as unknown code (it may reenter, revert, return arbitrary data, or consume all forwarded gas) and check the caller's state at the exact moment control passes to it.
